Archive member included because of file (symbol)

c:/winavr-20090313/bin/../lib/gcc/avr/4.3.2/avr5\libgcc.a(_udivmodsi4.o)
                              ./main.o (__udivmodsi4)
c:/winavr-20090313/bin/../lib/gcc/avr/4.3.2/avr5\libgcc.a(_exit.o)
                              c:/winavr-20090313/bin/../lib/gcc/avr/4.3.2/../../../../avr/lib/avr5/crtm32.o (exit)
c:/winavr-20090313/bin/../lib/gcc/avr/4.3.2/avr5\libgcc.a(_copy_data.o)
                              ./MCAL/DIO/DIO_config.o (__do_copy_data)
c:/winavr-20090313/bin/../lib/gcc/avr/4.3.2/avr5\libgcc.a(_clear_bss.o)
                              ./MCAL/external_interrupt/extint.o (__do_clear_bss)
c:/winavr-20090313/bin/../lib/gcc/avr/4.3.2/avr5\libgcc.a(_fixunssfsi.o)
                              ./HAL/steppermotor/steppermotor.o (__fixunssfsi)
c:/winavr-20090313/bin/../lib/gcc/avr/4.3.2/avr5\libgcc.a(_addsub_sf.o)
                              c:/winavr-20090313/bin/../lib/gcc/avr/4.3.2/avr5\libgcc.a(_fixunssfsi.o) (__subsf3)
c:/winavr-20090313/bin/../lib/gcc/avr/4.3.2/avr5\libgcc.a(_mul_sf.o)
                              ./HAL/steppermotor/steppermotor.o (__mulsf3)
c:/winavr-20090313/bin/../lib/gcc/avr/4.3.2/avr5\libgcc.a(_div_sf.o)
                              ./HAL/steppermotor/steppermotor.o (__divsf3)
c:/winavr-20090313/bin/../lib/gcc/avr/4.3.2/avr5\libgcc.a(_gt_sf.o)
                              ./HAL/steppermotor/steppermotor.o (__gtsf2)
c:/winavr-20090313/bin/../lib/gcc/avr/4.3.2/avr5\libgcc.a(_ge_sf.o)
                              c:/winavr-20090313/bin/../lib/gcc/avr/4.3.2/avr5\libgcc.a(_fixunssfsi.o) (__gesf2)
c:/winavr-20090313/bin/../lib/gcc/avr/4.3.2/avr5\libgcc.a(_lt_sf.o)
                              ./HAL/steppermotor/steppermotor.o (__ltsf2)
c:/winavr-20090313/bin/../lib/gcc/avr/4.3.2/avr5\libgcc.a(_sf_to_si.o)
                              ./main.o (__fixsfsi)
c:/winavr-20090313/bin/../lib/gcc/avr/4.3.2/avr5\libgcc.a(_thenan_sf.o)
                              c:/winavr-20090313/bin/../lib/gcc/avr/4.3.2/avr5\libgcc.a(_addsub_sf.o) (__thenan_sf)
c:/winavr-20090313/bin/../lib/gcc/avr/4.3.2/avr5\libgcc.a(_usi_to_sf.o)
                              ./main.o (__floatunsisf)
c:/winavr-20090313/bin/../lib/gcc/avr/4.3.2/avr5\libgcc.a(_prologue.o)
                              c:/winavr-20090313/bin/../lib/gcc/avr/4.3.2/avr5\libgcc.a(_addsub_sf.o) (__prologue_saves__)
c:/winavr-20090313/bin/../lib/gcc/avr/4.3.2/avr5\libgcc.a(_epilogue.o)
                              c:/winavr-20090313/bin/../lib/gcc/avr/4.3.2/avr5\libgcc.a(_addsub_sf.o) (__epilogue_restores__)
c:/winavr-20090313/bin/../lib/gcc/avr/4.3.2/avr5\libgcc.a(_clzsi2.o)
                              c:/winavr-20090313/bin/../lib/gcc/avr/4.3.2/avr5\libgcc.a(_usi_to_sf.o) (__clzsi2)
c:/winavr-20090313/bin/../lib/gcc/avr/4.3.2/avr5\libgcc.a(_pack_sf.o)
                              c:/winavr-20090313/bin/../lib/gcc/avr/4.3.2/avr5\libgcc.a(_addsub_sf.o) (__pack_f)
c:/winavr-20090313/bin/../lib/gcc/avr/4.3.2/avr5\libgcc.a(_unpack_sf.o)
                              c:/winavr-20090313/bin/../lib/gcc/avr/4.3.2/avr5\libgcc.a(_addsub_sf.o) (__unpack_f)
c:/winavr-20090313/bin/../lib/gcc/avr/4.3.2/avr5\libgcc.a(_fpcmp_parts_sf.o)
                              c:/winavr-20090313/bin/../lib/gcc/avr/4.3.2/avr5\libgcc.a(_gt_sf.o) (__fpcmp_parts_f)
c:/winavr-20090313/bin/../lib/gcc/avr/4.3.2/avr5\libgcc.a(_clz.o)
                              c:/winavr-20090313/bin/../lib/gcc/avr/4.3.2/avr5\libgcc.a(_clzsi2.o) (__clz_tab)
c:/winavr-20090313/bin/../lib/gcc/avr/4.3.2/../../../../avr/lib/avr5\libc.a(itoa.o)
                              ./main.o (itoa)
c:/winavr-20090313/bin/../lib/gcc/avr/4.3.2/../../../../avr/lib/avr5\libc.a(ltoa.o)
                              ./main.o (ltoa)
c:/winavr-20090313/bin/../lib/gcc/avr/4.3.2/../../../../avr/lib/avr5\libc.a(strrev.o)
                              c:/winavr-20090313/bin/../lib/gcc/avr/4.3.2/../../../../avr/lib/avr5\libc.a(itoa.o) (strrev)
c:/winavr-20090313/bin/../lib/gcc/avr/4.3.2/avr5\libgcc.a(_udivmodhi4.o)
                              c:/winavr-20090313/bin/../lib/gcc/avr/4.3.2/../../../../avr/lib/avr5\libc.a(itoa.o) (__udivmodhi4)

Allocating common symbols
Common symbol       size              file

CallBackPtr_TMR0_OV
                    0x2               ./MCAL/TIMER0/TIMER0.o
p2f_INT1            0x2               ./MCAL/external_interrupt/extint.o
i                   0x2               ./HAL/GLCD/GLCD.o
p2f_INT2            0x2               ./MCAL/external_interrupt/extint.o
CallBackPtr_TMR0_COMP
                    0x2               ./MCAL/TIMER0/TIMER0.o
p2f_INT0            0x2               ./MCAL/external_interrupt/extint.o

Memory Configuration

Name             Origin             Length             Attributes
text             0x00000000         0x00020000         xr
data             0x00800060         0x0000ffa0         rw !x
eeprom           0x00810000         0x00010000         rw !x
fuse             0x00820000         0x00000400         rw !x
lock             0x00830000         0x00000400         rw !x
signature        0x00840000         0x00000400         rw !x
*default*        0x00000000         0xffffffff

Linker script and memory map

LOAD c:/winavr-20090313/bin/../lib/gcc/avr/4.3.2/../../../../avr/lib/avr5/crtm32.o
LOAD ./MCAL/external_interrupt/extint.o
LOAD ./MCAL/TIMER0/TIMER0.o
LOAD ./MCAL/DIO/DIO.o
LOAD ./MCAL/DIO/DIO_config.o
LOAD ./MCAL/ADC/ADC.o
LOAD ./HAL/steppermotor/steppermotor.o
LOAD ./HAL/keypad/keypad.o
LOAD ./HAL/LCD/LCD.o
LOAD ./HAL/GLCD/GLCD.o
LOAD ./main.o
LOAD c:/winavr-20090313/bin/../lib/gcc/avr/4.3.2/avr5\libgcc.a
LOAD c:/winavr-20090313/bin/../lib/gcc/avr/4.3.2/../../../../avr/lib/avr5\libc.a
LOAD c:/winavr-20090313/bin/../lib/gcc/avr/4.3.2/avr5\libgcc.a

.hash
 *(.hash)

.dynsym
 *(.dynsym)

.dynstr
 *(.dynstr)

.gnu.version
 *(.gnu.version)

.gnu.version_d
 *(.gnu.version_d)

.gnu.version_r
 *(.gnu.version_r)

.rel.init
 *(.rel.init)

.rela.init
 *(.rela.init)

.rel.text
 *(.rel.text)
 *(.rel.text.*)
 *(.rel.gnu.linkonce.t*)

.rela.text
 *(.rela.text)
 *(.rela.text.*)
 *(.rela.gnu.linkonce.t*)

.rel.fini
 *(.rel.fini)

.rela.fini
 *(.rela.fini)

.rel.rodata
 *(.rel.rodata)
 *(.rel.rodata.*)
 *(.rel.gnu.linkonce.r*)

.rela.rodata
 *(.rela.rodata)
 *(.rela.rodata.*)
 *(.rela.gnu.linkonce.r*)

.rel.data
 *(.rel.data)
 *(.rel.data.*)
 *(.rel.gnu.linkonce.d*)

.rela.data
 *(.rela.data)
 *(.rela.data.*)
 *(.rela.gnu.linkonce.d*)

.rel.ctors
 *(.rel.ctors)

.rela.ctors
 *(.rela.ctors)

.rel.dtors
 *(.rel.dtors)

.rela.dtors
 *(.rela.dtors)

.rel.got
 *(.rel.got)

.rela.got
 *(.rela.got)

.rel.bss
 *(.rel.bss)

.rela.bss
 *(.rela.bss)

.rel.plt
 *(.rel.plt)

.rela.plt
 *(.rela.plt)

.text           0x00000000     0x3fd6
 *(.vectors)
 .vectors       0x00000000       0x54 c:/winavr-20090313/bin/../lib/gcc/avr/4.3.2/../../../../avr/lib/avr5/crtm32.o
                0x00000000                __vectors
                0x00000000                __vector_default
 *(.vectors)
 *(.progmem.gcc*)
 *(.progmem*)
                0x00000054                . = ALIGN (0x2)
                0x00000054                __trampolines_start = .
 *(.trampolines)
 .trampolines   0x00000054        0x0 linker stubs
 *(.trampolines*)
                0x00000054                __trampolines_end = .
 *(.jumptables)
 *(.jumptables*)
 *(.lowtext)
 *(.lowtext*)
                0x00000054                __ctors_start = .
 *(.ctors)
                0x00000054                __ctors_end = .
                0x00000054                __dtors_start = .
 *(.dtors)
                0x00000054                __dtors_end = .
 SORT(*)(.ctors)
 SORT(*)(.dtors)
 *(.init0)
 .init0         0x00000054        0x0 c:/winavr-20090313/bin/../lib/gcc/avr/4.3.2/../../../../avr/lib/avr5/crtm32.o
                0x00000054                __init
 *(.init0)
 *(.init1)
 *(.init1)
 *(.init2)
 .init2         0x00000054        0xc c:/winavr-20090313/bin/../lib/gcc/avr/4.3.2/../../../../avr/lib/avr5/crtm32.o
 *(.init2)
 *(.init3)
 *(.init3)
 *(.init4)
 .init4         0x00000060       0x16 c:/winavr-20090313/bin/../lib/gcc/avr/4.3.2/avr5\libgcc.a(_copy_data.o)
                0x00000060                __do_copy_data
 .init4         0x00000076       0x10 c:/winavr-20090313/bin/../lib/gcc/avr/4.3.2/avr5\libgcc.a(_clear_bss.o)
                0x00000076                __do_clear_bss
 *(.init4)
 *(.init5)
 *(.init5)
 *(.init6)
 *(.init6)
 *(.init7)
 *(.init7)
 *(.init8)
 *(.init8)
 *(.init9)
 .init9         0x00000086        0x8 c:/winavr-20090313/bin/../lib/gcc/avr/4.3.2/../../../../avr/lib/avr5/crtm32.o
 *(.init9)
 *(.text)
 .text          0x0000008e        0x4 c:/winavr-20090313/bin/../lib/gcc/avr/4.3.2/../../../../avr/lib/avr5/crtm32.o
                0x0000008e                __vector_12
                0x0000008e                __bad_interrupt
                0x0000008e                __vector_6
                0x0000008e                __vector_13
                0x0000008e                __vector_17
                0x0000008e                __vector_19
                0x0000008e                __vector_7
                0x0000008e                __vector_5
                0x0000008e                __vector_4
                0x0000008e                __vector_9
                0x0000008e                __vector_15
                0x0000008e                __vector_8
                0x0000008e                __vector_14
                0x0000008e                __vector_16
                0x0000008e                __vector_18
                0x0000008e                __vector_20
 .text          0x00000092      0x1b2 ./MCAL/external_interrupt/extint.o
                0x000000ca                __vector_1
                0x00000220                setcallback_INT2
                0x000001d8                setcallback_INT0
                0x0000017e                __vector_3
                0x00000092                init_INT0
                0x000001fc                setcallback_INT1
                0x00000124                __vector_2
 .text          0x00000244      0x1b0 ./MCAL/TIMER0/TIMER0.o
                0x00000244                TMR0_Set_OCR
                0x000002f8                __vector_11
                0x000003d0                SetCallBack_TMR0_COMP
                0x000003ac                SetCallBack_TMR0_OV
                0x00000260                TMR0_init
                0x00000352                __vector_10
 .text          0x000003f4      0x2a0 ./MCAL/DIO/DIO.o
                0x000003f4                DIO_write
                0x000005b8                DIO_read
 .text          0x00000694      0x2e0 ./MCAL/DIO/DIO_config.o
                0x00000694                DIO_init
 .text          0x00000974       0xee ./MCAL/ADC/ADC.o
                0x00000974                ADC_init
                0x00000a00                ADC_read
 .text          0x00000a62      0x7b6 ./HAL/steppermotor/steppermotor.o
                0x00000a62                steppermotor
 .text          0x00001218       0x84 ./HAL/keypad/keypad.o
                0x00001218                getkeypress
 .text          0x0000129c     0x12f0 ./HAL/LCD/LCD.o
                0x000013ca                lcd_sendchar
                0x00001c7e                lcd_sendcmd
                0x00002532                lcd_sendstring
                0x0000129c                lcd_init
 .text          0x0000258c      0x610 ./HAL/GLCD/GLCD.o
                0x00002af8                glcd_picture
                0x0000258c                glcd_cmd
                0x000029de                glcd_init
                0x000027ae                glcd_data
                0x00002a9c                select_chip
 .text          0x00002b9c      0x4f6 ./main.o
                0x00002b9c                timer1_init
                0x00002c0c                main
 .text          0x00003092        0x0 c:/winavr-20090313/bin/../lib/gcc/avr/4.3.2/avr5\libgcc.a(_udivmodsi4.o)
 .text          0x00003092        0x0 c:/winavr-20090313/bin/../lib/gcc/avr/4.3.2/avr5\libgcc.a(_exit.o)
 .text          0x00003092        0x0 c:/winavr-20090313/bin/../lib/gcc/avr/4.3.2/avr5\libgcc.a(_copy_data.o)
 .text          0x00003092        0x0 c:/winavr-20090313/bin/../lib/gcc/avr/4.3.2/avr5\libgcc.a(_clear_bss.o)
 .text          0x00003092       0x58 c:/winavr-20090313/bin/../lib/gcc/avr/4.3.2/avr5\libgcc.a(_fixunssfsi.o)
                0x00003092                __fixunssfsi
 .text          0x000030ea      0x354 c:/winavr-20090313/bin/../lib/gcc/avr/4.3.2/avr5\libgcc.a(_addsub_sf.o)
                0x00003382                __subsf3
                0x000033e4                __addsf3
 .text          0x0000343e      0x1f4 c:/winavr-20090313/bin/../lib/gcc/avr/4.3.2/avr5\libgcc.a(_mul_sf.o)
                0x0000343e                __mulsf3
 .text          0x00003632      0x158 c:/winavr-20090313/bin/../lib/gcc/avr/4.3.2/avr5\libgcc.a(_div_sf.o)
                0x00003632                __divsf3
 .text          0x0000378a       0x60 c:/winavr-20090313/bin/../lib/gcc/avr/4.3.2/avr5\libgcc.a(_gt_sf.o)
                0x0000378a                __gtsf2
 .text          0x000037ea       0x60 c:/winavr-20090313/bin/../lib/gcc/avr/4.3.2/avr5\libgcc.a(_ge_sf.o)
                0x000037ea                __gesf2
 .text          0x0000384a       0x60 c:/winavr-20090313/bin/../lib/gcc/avr/4.3.2/avr5\libgcc.a(_lt_sf.o)
                0x0000384a                __ltsf2
 .text          0x000038aa       0xa8 c:/winavr-20090313/bin/../lib/gcc/avr/4.3.2/avr5\libgcc.a(_sf_to_si.o)
                0x000038aa                __fixsfsi
 .text          0x00003952        0x0 c:/winavr-20090313/bin/../lib/gcc/avr/4.3.2/avr5\libgcc.a(_thenan_sf.o)
 .text          0x00003952       0xf2 c:/winavr-20090313/bin/../lib/gcc/avr/4.3.2/avr5\libgcc.a(_usi_to_sf.o)
                0x00003952                __floatunsisf
 .text          0x00003a44        0x0 c:/winavr-20090313/bin/../lib/gcc/avr/4.3.2/avr5\libgcc.a(_prologue.o)
 .text          0x00003a44        0x0 c:/winavr-20090313/bin/../lib/gcc/avr/4.3.2/avr5\libgcc.a(_epilogue.o)
 .text          0x00003a44       0x9e c:/winavr-20090313/bin/../lib/gcc/avr/4.3.2/avr5\libgcc.a(_clzsi2.o)
                0x00003a44                __clzsi2
 .text          0x00003ae2      0x1aa c:/winavr-20090313/bin/../lib/gcc/avr/4.3.2/avr5\libgcc.a(_pack_sf.o)
                0x00003ae2                __pack_f
 .text          0x00003c8c       0xf0 c:/winavr-20090313/bin/../lib/gcc/avr/4.3.2/avr5\libgcc.a(_unpack_sf.o)
                0x00003c8c                __unpack_f
 .text          0x00003d7c       0xb2 c:/winavr-20090313/bin/../lib/gcc/avr/4.3.2/avr5\libgcc.a(_fpcmp_parts_sf.o)
                0x00003d7c                __fpcmp_parts_f
 .text          0x00003e2e        0x0 c:/winavr-20090313/bin/../lib/gcc/avr/4.3.2/avr5\libgcc.a(_clz.o)
 .text          0x00003e2e       0x42 c:/winavr-20090313/bin/../lib/gcc/avr/4.3.2/../../../../avr/lib/avr5\libc.a(itoa.o)
                0x00003e2e                itoa
 .text          0x00003e70       0x68 c:/winavr-20090313/bin/../lib/gcc/avr/4.3.2/../../../../avr/lib/avr5\libc.a(ltoa.o)
                0x00003e70                ltoa
 .text          0x00003ed8       0x20 c:/winavr-20090313/bin/../lib/gcc/avr/4.3.2/../../../../avr/lib/avr5\libc.a(strrev.o)
                0x00003ed8                strrev
 .text          0x00003ef8        0x0 c:/winavr-20090313/bin/../lib/gcc/avr/4.3.2/avr5\libgcc.a(_udivmodhi4.o)
                0x00003ef8                . = ALIGN (0x2)
 *(.text.*)
 .text.libgcc   0x00003ef8       0x44 c:/winavr-20090313/bin/../lib/gcc/avr/4.3.2/avr5\libgcc.a(_udivmodsi4.o)
                0x00003ef8                __udivmodsi4
 .text.libgcc   0x00003f3c        0x0 c:/winavr-20090313/bin/../lib/gcc/avr/4.3.2/avr5\libgcc.a(_exit.o)
 .text.libgcc   0x00003f3c        0x0 c:/winavr-20090313/bin/../lib/gcc/avr/4.3.2/avr5\libgcc.a(_copy_data.o)
 .text.libgcc   0x00003f3c        0x0 c:/winavr-20090313/bin/../lib/gcc/avr/4.3.2/avr5\libgcc.a(_clear_bss.o)
 .text.libgcc   0x00003f3c       0x38 c:/winavr-20090313/bin/../lib/gcc/avr/4.3.2/avr5\libgcc.a(_prologue.o)
                0x00003f3c                __prologue_saves__
 .text.libgcc   0x00003f74       0x36 c:/winavr-20090313/bin/../lib/gcc/avr/4.3.2/avr5\libgcc.a(_epilogue.o)
                0x00003f74                __epilogue_restores__
 .text.libgcc   0x00003faa       0x28 c:/winavr-20090313/bin/../lib/gcc/avr/4.3.2/avr5\libgcc.a(_udivmodhi4.o)
                0x00003faa                __udivmodhi4
                0x00003fd2                . = ALIGN (0x2)
 *(.fini9)
 .fini9         0x00003fd2        0x0 c:/winavr-20090313/bin/../lib/gcc/avr/4.3.2/avr5\libgcc.a(_exit.o)
                0x00003fd2                exit
                0x00003fd2                _exit
 *(.fini9)
 *(.fini8)
 *(.fini8)
 *(.fini7)
 *(.fini7)
 *(.fini6)
 *(.fini6)
 *(.fini5)
 *(.fini5)
 *(.fini4)
 *(.fini4)
 *(.fini3)
 *(.fini3)
 *(.fini2)
 *(.fini2)
 *(.fini1)
 *(.fini1)
 *(.fini0)
 .fini0         0x00003fd2        0x4 c:/winavr-20090313/bin/../lib/gcc/avr/4.3.2/avr5\libgcc.a(_exit.o)
 *(.fini0)
                0x00003fd6                _etext = .

.data           0x00800060      0x18e load address 0x00003fd6
                0x00800060                PROVIDE (__data_start, .)
 *(.data)
 .data          0x00800060        0x0 c:/winavr-20090313/bin/../lib/gcc/avr/4.3.2/../../../../avr/lib/avr5/crtm32.o
 .data          0x00800060        0x0 ./MCAL/external_interrupt/extint.o
 .data          0x00800060        0x0 ./MCAL/TIMER0/TIMER0.o
 .data          0x00800060        0x0 ./MCAL/DIO/DIO.o
 .data          0x00800060       0x57 ./MCAL/DIO/DIO_config.o
                0x00800060                pin_config
 .data          0x008000b7        0x0 ./MCAL/ADC/ADC.o
 .data          0x008000b7        0x0 ./HAL/steppermotor/steppermotor.o
 .data          0x008000b7        0x0 ./HAL/keypad/keypad.o
 .data          0x008000b7        0x0 ./HAL/LCD/LCD.o
 .data          0x008000b7        0x0 ./HAL/GLCD/GLCD.o
 .data          0x008000b7       0x2e ./main.o
 .data          0x008000e5        0x0 c:/winavr-20090313/bin/../lib/gcc/avr/4.3.2/avr5\libgcc.a(_udivmodsi4.o)
 .data          0x008000e5        0x0 c:/winavr-20090313/bin/../lib/gcc/avr/4.3.2/avr5\libgcc.a(_exit.o)
 .data          0x008000e5        0x0 c:/winavr-20090313/bin/../lib/gcc/avr/4.3.2/avr5\libgcc.a(_copy_data.o)
 .data          0x008000e5        0x0 c:/winavr-20090313/bin/../lib/gcc/avr/4.3.2/avr5\libgcc.a(_clear_bss.o)
 .data          0x008000e5        0x0 c:/winavr-20090313/bin/../lib/gcc/avr/4.3.2/avr5\libgcc.a(_fixunssfsi.o)
 .data          0x008000e5        0x0 c:/winavr-20090313/bin/../lib/gcc/avr/4.3.2/avr5\libgcc.a(_addsub_sf.o)
 .data          0x008000e5        0x0 c:/winavr-20090313/bin/../lib/gcc/avr/4.3.2/avr5\libgcc.a(_mul_sf.o)
 .data          0x008000e5        0x0 c:/winavr-20090313/bin/../lib/gcc/avr/4.3.2/avr5\libgcc.a(_div_sf.o)
 .data          0x008000e5        0x0 c:/winavr-20090313/bin/../lib/gcc/avr/4.3.2/avr5\libgcc.a(_gt_sf.o)
 .data          0x008000e5        0x0 c:/winavr-20090313/bin/../lib/gcc/avr/4.3.2/avr5\libgcc.a(_ge_sf.o)
 .data          0x008000e5        0x0 c:/winavr-20090313/bin/../lib/gcc/avr/4.3.2/avr5\libgcc.a(_lt_sf.o)
 .data          0x008000e5        0x0 c:/winavr-20090313/bin/../lib/gcc/avr/4.3.2/avr5\libgcc.a(_sf_to_si.o)
 .data          0x008000e5        0x8 c:/winavr-20090313/bin/../lib/gcc/avr/4.3.2/avr5\libgcc.a(_thenan_sf.o)
                0x008000e5                __thenan_sf
 .data          0x008000ed        0x0 c:/winavr-20090313/bin/../lib/gcc/avr/4.3.2/avr5\libgcc.a(_usi_to_sf.o)
 .data          0x008000ed        0x0 c:/winavr-20090313/bin/../lib/gcc/avr/4.3.2/avr5\libgcc.a(_prologue.o)
 .data          0x008000ed        0x0 c:/winavr-20090313/bin/../lib/gcc/avr/4.3.2/avr5\libgcc.a(_epilogue.o)
 .data          0x008000ed        0x0 c:/winavr-20090313/bin/../lib/gcc/avr/4.3.2/avr5\libgcc.a(_clzsi2.o)
 .data          0x008000ed        0x0 c:/winavr-20090313/bin/../lib/gcc/avr/4.3.2/avr5\libgcc.a(_pack_sf.o)
 .data          0x008000ed        0x0 c:/winavr-20090313/bin/../lib/gcc/avr/4.3.2/avr5\libgcc.a(_unpack_sf.o)
 .data          0x008000ed        0x0 c:/winavr-20090313/bin/../lib/gcc/avr/4.3.2/avr5\libgcc.a(_fpcmp_parts_sf.o)
 .data          0x008000ed      0x100 c:/winavr-20090313/bin/../lib/gcc/avr/4.3.2/avr5\libgcc.a(_clz.o)
                0x008000ed                __clz_tab
 .data          0x008001ed        0x0 c:/winavr-20090313/bin/../lib/gcc/avr/4.3.2/../../../../avr/lib/avr5\libc.a(itoa.o)
 .data          0x008001ed        0x0 c:/winavr-20090313/bin/../lib/gcc/avr/4.3.2/../../../../avr/lib/avr5\libc.a(ltoa.o)
 .data          0x008001ed        0x0 c:/winavr-20090313/bin/../lib/gcc/avr/4.3.2/../../../../avr/lib/avr5\libc.a(strrev.o)
 .data          0x008001ed        0x0 c:/winavr-20090313/bin/../lib/gcc/avr/4.3.2/avr5\libgcc.a(_udivmodhi4.o)
 *(.data*)
 *(.rodata)
 *(.rodata*)
 *(.gnu.linkonce.d*)
                0x008001ee                . = ALIGN (0x2)
 *fill*         0x008001ed        0x1 00
                0x008001ee                _edata = .
                0x008001ee                PROVIDE (__data_end, .)

.bss            0x008001ee        0xc
                0x008001ee                PROVIDE (__bss_start, .)
 *(.bss)
 .bss           0x008001ee        0x0 c:/winavr-20090313/bin/../lib/gcc/avr/4.3.2/../../../../avr/lib/avr5/crtm32.o
 .bss           0x008001ee        0x0 ./MCAL/external_interrupt/extint.o
 .bss           0x008001ee        0x0 ./MCAL/TIMER0/TIMER0.o
 .bss           0x008001ee        0x0 ./MCAL/DIO/DIO.o
 .bss           0x008001ee        0x0 ./MCAL/DIO/DIO_config.o
 .bss           0x008001ee        0x0 ./MCAL/ADC/ADC.o
 .bss           0x008001ee        0x0 ./HAL/steppermotor/steppermotor.o
 .bss           0x008001ee        0x0 ./HAL/keypad/keypad.o
 .bss           0x008001ee        0x0 ./HAL/LCD/LCD.o
 .bss           0x008001ee        0x0 ./HAL/GLCD/GLCD.o
 .bss           0x008001ee        0x0 ./main.o
 .bss           0x008001ee        0x0 c:/winavr-20090313/bin/../lib/gcc/avr/4.3.2/avr5\libgcc.a(_udivmodsi4.o)
 .bss           0x008001ee        0x0 c:/winavr-20090313/bin/../lib/gcc/avr/4.3.2/avr5\libgcc.a(_exit.o)
 .bss           0x008001ee        0x0 c:/winavr-20090313/bin/../lib/gcc/avr/4.3.2/avr5\libgcc.a(_copy_data.o)
 .bss           0x008001ee        0x0 c:/winavr-20090313/bin/../lib/gcc/avr/4.3.2/avr5\libgcc.a(_clear_bss.o)
 .bss           0x008001ee        0x0 c:/winavr-20090313/bin/../lib/gcc/avr/4.3.2/avr5\libgcc.a(_fixunssfsi.o)
 .bss           0x008001ee        0x0 c:/winavr-20090313/bin/../lib/gcc/avr/4.3.2/avr5\libgcc.a(_addsub_sf.o)
 .bss           0x008001ee        0x0 c:/winavr-20090313/bin/../lib/gcc/avr/4.3.2/avr5\libgcc.a(_mul_sf.o)
 .bss           0x008001ee        0x0 c:/winavr-20090313/bin/../lib/gcc/avr/4.3.2/avr5\libgcc.a(_div_sf.o)
 .bss           0x008001ee        0x0 c:/winavr-20090313/bin/../lib/gcc/avr/4.3.2/avr5\libgcc.a(_gt_sf.o)
 .bss           0x008001ee        0x0 c:/winavr-20090313/bin/../lib/gcc/avr/4.3.2/avr5\libgcc.a(_ge_sf.o)
 .bss           0x008001ee        0x0 c:/winavr-20090313/bin/../lib/gcc/avr/4.3.2/avr5\libgcc.a(_lt_sf.o)
 .bss           0x008001ee        0x0 c:/winavr-20090313/bin/../lib/gcc/avr/4.3.2/avr5\libgcc.a(_sf_to_si.o)
 .bss           0x008001ee        0x0 c:/winavr-20090313/bin/../lib/gcc/avr/4.3.2/avr5\libgcc.a(_thenan_sf.o)
 .bss           0x008001ee        0x0 c:/winavr-20090313/bin/../lib/gcc/avr/4.3.2/avr5\libgcc.a(_usi_to_sf.o)
 .bss           0x008001ee        0x0 c:/winavr-20090313/bin/../lib/gcc/avr/4.3.2/avr5\libgcc.a(_prologue.o)
 .bss           0x008001ee        0x0 c:/winavr-20090313/bin/../lib/gcc/avr/4.3.2/avr5\libgcc.a(_epilogue.o)
 .bss           0x008001ee        0x0 c:/winavr-20090313/bin/../lib/gcc/avr/4.3.2/avr5\libgcc.a(_clzsi2.o)
 .bss           0x008001ee        0x0 c:/winavr-20090313/bin/../lib/gcc/avr/4.3.2/avr5\libgcc.a(_pack_sf.o)
 .bss           0x008001ee        0x0 c:/winavr-20090313/bin/../lib/gcc/avr/4.3.2/avr5\libgcc.a(_unpack_sf.o)
 .bss           0x008001ee        0x0 c:/winavr-20090313/bin/../lib/gcc/avr/4.3.2/avr5\libgcc.a(_fpcmp_parts_sf.o)
 .bss           0x008001ee        0x0 c:/winavr-20090313/bin/../lib/gcc/avr/4.3.2/avr5\libgcc.a(_clz.o)
 .bss           0x008001ee        0x0 c:/winavr-20090313/bin/../lib/gcc/avr/4.3.2/../../../../avr/lib/avr5\libc.a(itoa.o)
 .bss           0x008001ee        0x0 c:/winavr-20090313/bin/../lib/gcc/avr/4.3.2/../../../../avr/lib/avr5\libc.a(ltoa.o)
 .bss           0x008001ee        0x0 c:/winavr-20090313/bin/../lib/gcc/avr/4.3.2/../../../../avr/lib/avr5\libc.a(strrev.o)
 .bss           0x008001ee        0x0 c:/winavr-20090313/bin/../lib/gcc/avr/4.3.2/avr5\libgcc.a(_udivmodhi4.o)
 *(.bss*)
 *(COMMON)
 COMMON         0x008001ee        0x6 ./MCAL/external_interrupt/extint.o
                0x008001ee                p2f_INT1
                0x008001f0                p2f_INT2
                0x008001f2                p2f_INT0
 COMMON         0x008001f4        0x4 ./MCAL/TIMER0/TIMER0.o
                0x008001f4                CallBackPtr_TMR0_OV
                0x008001f6                CallBackPtr_TMR0_COMP
 COMMON         0x008001f8        0x2 ./HAL/GLCD/GLCD.o
                0x008001f8                i
                0x008001fa                PROVIDE (__bss_end, .)
                0x00003fd6                __data_load_start = LOADADDR (.data)
                0x00004164                __data_load_end = (__data_load_start + SIZEOF (.data))

.noinit         0x008001fa        0x0
                0x008001fa                PROVIDE (__noinit_start, .)
 *(.noinit*)
                0x008001fa                PROVIDE (__noinit_end, .)
                0x008001fa                _end = .
                0x008001fa                PROVIDE (__heap_start, .)

.eeprom         0x00810000        0x0
 *(.eeprom*)
                0x00810000                __eeprom_end = .

.fuse
 *(.fuse)
 *(.lfuse)
 *(.hfuse)
 *(.efuse)

.lock
 *(.lock*)

.signature
 *(.signature*)

.stab           0x00000000     0x38dc
 *(.stab)
 .stab          0x00000000      0x5c4 ./MCAL/external_interrupt/extint.o
 .stab          0x000005c4      0x30c ./MCAL/TIMER0/TIMER0.o
                                0x4bc (size before relaxing)
 .stab          0x000008d0      0x408 ./MCAL/DIO/DIO.o
                                0x5c4 (size before relaxing)
 .stab          0x00000cd8      0x258 ./MCAL/DIO/DIO_config.o
                                0x510 (size before relaxing)
 .stab          0x00000f30      0x288 ./MCAL/ADC/ADC.o
                                0x444 (size before relaxing)
 .stab          0x000011b8      0x7bc ./HAL/steppermotor/steppermotor.o
                                0x978 (size before relaxing)
 .stab          0x00001974      0x300 ./HAL/keypad/keypad.o
                                0x4bc (size before relaxing)
 .stab          0x00001c74      0xeb8 ./HAL/LCD/LCD.o
                               0x1074 (size before relaxing)
 .stab          0x00002b2c      0x75c ./HAL/GLCD/GLCD.o
                                0x918 (size before relaxing)
 .stab          0x00003288      0x654 ./main.o
                                0x90c (size before relaxing)

.stabstr        0x00000000     0x1a66
 *(.stabstr)
 .stabstr       0x00000000     0x1a66 ./MCAL/external_interrupt/extint.o

.stab.excl
 *(.stab.excl)

.stab.exclstr
 *(.stab.exclstr)

.stab.index
 *(.stab.index)

.stab.indexstr
 *(.stab.indexstr)

.comment
 *(.comment)

.debug
 *(.debug)

.line
 *(.line)

.debug_srcinfo
 *(.debug_srcinfo)

.debug_sfnames
 *(.debug_sfnames)

.debug_aranges
 *(.debug_aranges)

.debug_pubnames
 *(.debug_pubnames)

.debug_info
 *(.debug_info)
 *(.gnu.linkonce.wi.*)

.debug_abbrev
 *(.debug_abbrev)

.debug_line
 *(.debug_line)

.debug_frame
 *(.debug_frame)

.debug_str
 *(.debug_str)

.debug_loc
 *(.debug_loc)

.debug_macinfo
 *(.debug_macinfo)
OUTPUT(Final_Project.elf elf32-avr)
LOAD linker stubs
